{% extends "base.html" %}

<!-- Example row of columns -->
{% block stuff %}
<div class="container-fluid">
  <h2>Expected yield vs matched yield for barcodes</h2>
  <img src="/api/v1/plot/barcodes_vs_expected.png" />
</div>

{% end %}